cli.c:112:6:cliInit	8	static
cli.c:137:6:cliOpen	16	static
cli.c:147:6:cliOpenLog	24	static
cli.c:163:6:cliLogClose	4	static
cli.c:169:6:cliShowLog	24	static
cli.c:189:6:cliShowPrompt	16	static
cli.c:195:6:cliMain	8	static
cli.c:210:10:cliAvailable	8	static
cli.c:215:9:cliRead	8	static
cli.c:220:10:cliWrite	16	static
cli.c:226:6:cliUpdate	56	static
cli.c:438:6:cliLineClean	16	static
cli.c:446:6:cliLineAdd	16	static
cli.c:461:6:cliLineChange	24	static
cli.c:504:6:cliRunCmd	24	static
cli.c:530:6:cliParseArgs	40	static
cli.c:565:6:cliPrintf	24	static
cli.c:579:6:cliToUpper	24	static
cli.c:606:9:cliArgsGetData	24	static
cli.c:627:7:cliArgsGetFloat	24	static
cli.c:643:7:cliArgsGetStr	24	static
cli.c:659:6:cliArgsIsStr	24	static
cli.c:678:6:cliKeepLoop	16	static
cli.c:693:6:cliAdd	32	static
cli.c:716:6:cliShowList	24	static
cli.c:733:6:cliMemoryDump	56	static
