usbd_cdc_if.c:43:10:cdcAvailable	16	static
usbd_cdc_if.c:52:9:cdcRead	16	static
usbd_cdc_if.c:66:6:cdcDataIn	24	static
usbd_cdc_if.c:80:10:cdcWrite	24	static
usbd_cdc_if.c:108:10:cdcGetBaud	4	static
usbd_cdc_if.c:115:9:USBD_CDC_SOF	32	static
usbd_cdc_if.c:262:15:CDC_Init_FS	8	static
usbd_cdc_if.c:276:15:CDC_DeInit_FS	4	static
usbd_cdc_if.c:290:15:CDC_Control_FS	16	static
usbd_cdc_if.c:384:15:CDC_Receive_FS	32	static
usbd_cdc_if.c:424:9:CDC_Transmit_FS	24	static
usbd_cdc_if.c:450:15:CDC_TransmitCplt_FS	32	static
